<?xml version="1.0" encoding="UTF-8"?>
<testsuites name="jest tests" tests="2" failures="1" errors="0" time="21.367">
  <testsuite name="undefined" errors="0" failures="1" skipped="0" timestamp="2021-04-11T17:59:32" time="6.09" tests="2">
    <testcase classname=" document should contain My Daily Calorie Tracker" name=" document should contain My Daily Calorie Tracker" time="0.165">
    </testcase>
    <testcase classname=" should calculate today calorie consumed" name=" should calculate today calorie consumed" time="0.075">
      <failure>TestingLibraryElementError: Unable to find an element by: [data-testid=&quot;meal_breakfast_cowmilk_167&quot;]

&lt;body&gt;
  &lt;div&gt;
    &lt;div&gt;
      &lt;strong
        class=&quot;header&quot;
      &gt;
         My Daily Calorie Tracker
        &lt;h1&gt;
          I consumed 
          0
          /1868 Cal Today
        &lt;/h1&gt;
      &lt;/strong&gt;
      &lt;div
        class=&quot;meal-container&quot;
      &gt;
        &lt;ul&gt;
          &lt;label
            class=&quot;meal-type&quot;
          &gt;
            BreakFast (
            0
            /
            498
             Cal)
          &lt;/label&gt;
          &lt;li&gt;
            Cow Milk
             (
            167
            Cal)
          &lt;/li&gt;
          &lt;li&gt;
            Idli
             (
            48
            Cal)
          &lt;/li&gt;
          &lt;li&gt;
            Dosa
             (
            302
            Cal)
          &lt;/li&gt;
          &lt;li&gt;
            Weat Chapati
             (
            146
            Cal)
          &lt;/li&gt;
          &lt;li&gt;
            Boiled Egg
             (
            86
            Cal)
          &lt;/li&gt;
          &lt;li&gt;
            Aloo Ka Parantha
             (
            182
            Cal)
          &lt;/li&gt;
          &lt;li&gt;
            Rice
             (
            117
            Cal)
          &lt;/li&gt;
          &lt;li&gt;
            Tea
             (
            73
            Cal)
          &lt;/li&gt;
          &lt;li&gt;
            Filter Coffee
             (
            53
            Cal)
          &lt;/li&gt;
          &lt;li&gt;
            Dhai
             (
            90
            Cal)
          &lt;/li&gt;
          &lt;li&gt;
            Mixed Vegetable
             (
            82
            Cal)
          &lt;/li&gt;
          &lt;li&gt;
            Chicken Curry
             (
            359
            Cal)
          &lt;/li&gt;
          &lt;li&gt;
            Moong Dal
             (
            352
            Cal)
          &lt;/li&gt;
        &lt;/ul&gt;
        &lt;ul&gt;
          &lt;label
            class=&quot;meal-type&quot;
          &gt;
            Morning snack (
            0
            /
            187
             Cal)
          &lt;/label&gt;
          &lt;li&gt;
            Cow Milk
             (
            167
            Cal)
          &lt;/li&gt;
          &lt;li&gt;
            Idli
             (
            48
            Cal)
          &lt;/li&gt;
          &lt;li&gt;
            Dosa
             (
            302
            Cal)
          &lt;/li&gt;
          &lt;li&gt;
            Weat Chapati
             (
            146
            Cal)
          &lt;/li&gt;
          &lt;li&gt;
            Boiled Egg
             (
            86
            Cal)
          &lt;/li&gt;
          &lt;li&gt;
            Aloo Ka Parantha
             (
            182
            Cal)
          &lt;/li&gt;
          &lt;li&gt;
            Rice
             (
            117
            Cal)
          &lt;/li&gt;
          &lt;li&gt;
            Tea
             (
            73
            Cal)
          &lt;/li&gt;
          &lt;li&gt;
            Filter Coffee
             (
            53
            Cal)
          &lt;/li&gt;
          &lt;li&gt;
            Dhai
             (
            90
            Cal)
          &lt;/li&gt;
          &lt;li&gt;
            Mixed Vegetable
             (
            82
            Cal)
          &lt;/li&gt;
          &lt;li&gt;
            Chicken Curry
             (
            359
            Cal)
          &lt;/li&gt;
          &lt;li&gt;
            Moong Dal
             (
            352
            Cal)
          &lt;/li&gt;
        &lt;/ul&gt;
        &lt;ul&gt;
          &lt;label
            class=&quot;meal-type&quot;
          &gt;
            Lunch (
            0
            /
            498
             Cal)
          &lt;/label&gt;
          &lt;li&gt;
            Cow Milk
             (
            167
            Cal)
          &lt;/li&gt;
          &lt;li&gt;
            Idli
             (
            48
            Cal)
          &lt;/li&gt;
          &lt;li&gt;
            Dosa
             (
            302
            Cal)
          &lt;/li&gt;
          &lt;li&gt;
            Weat Chapati
             (
            146
            Cal)
          &lt;/li&gt;
          &lt;li&gt;
            Boiled Egg
             (
            86
            Cal)
          &lt;/li&gt;
          &lt;li&gt;
            Aloo Ka Parantha
             (
            182
            Cal)
          &lt;/li&gt;
          &lt;li&gt;
            Rice
             (
            117
            Cal)
          &lt;/li&gt;
          &lt;li&gt;
            Tea
             (
            73
            Cal)
          &lt;/li&gt;
          &lt;li&gt;
            Filter Coffee
             (
            53
            Cal)
          &lt;/li&gt;
          &lt;li&gt;
            Dhai
             (
            90
            Cal)
          &lt;/li&gt;
          &lt;li&gt;
            Mixed Vegetable
             (
            82
            Cal)
          &lt;/li&gt;
          &lt;li&gt;
            Chicken Curry
             (
            359
            Cal)
          &lt;/li&gt;
          &lt;li&gt;
            Moong Dal
             (
            352
            Cal)
          &lt;/li&gt;
        &lt;/ul&gt;
        &lt;ul&gt;
          &lt;label
            class=&quot;meal-type&quot;
          &gt;
            Evening Snacks (
            0
            /
            187
             Cal)
          &lt;/label&gt;
          &lt;li&gt;
            Cow Milk
             (
            167
            Cal)
          &lt;/li&gt;
          &lt;li&gt;
            Idli
             (
            48
            Cal)
          &lt;/li&gt;
          &lt;li&gt;
            Dosa
             (
            302
            Cal)
          &lt;/li&gt;
          &lt;li&gt;
            Weat Chapati
             (
            146
            Cal)
          &lt;/li&gt;
          &lt;li&gt;
            Boiled Egg
             (
            86
            Cal)
          &lt;/li&gt;
          &lt;li&gt;
            Aloo Ka Parantha
             (
            182
            Cal)
          &lt;/li&gt;
          &lt;li&gt;
            Rice
             (
            117
            Cal)
          &lt;/li&gt;
          &lt;li&gt;
            Tea
             (
            73
            Cal)
          &lt;/li&gt;
          &lt;li&gt;
            Filter Coffee
             (
            53
            Cal)
          &lt;/li&gt;
          &lt;li&gt;
            Dhai
             (
            90
            Cal)
          &lt;/li&gt;
          &lt;li&gt;
            Mixed Vegetable
             (
            82
            Cal)
          &lt;/li&gt;
          &lt;li&gt;
            Chicken Curry
             (
            359
            Cal)
          &lt;/li&gt;
          &lt;li&gt;
            Moong Dal
             (
            352
            Cal)
          &lt;/li&gt;
        &lt;/ul&gt;
        &lt;ul&gt;
          &lt;label
            class=&quot;meal-type&quot;
          &gt;
            Dinner (
            0
            /
            498
             Cal)
          &lt;/label&gt;
          &lt;li&gt;
            Cow Milk
             (
            167
            Cal)
          &lt;/li&gt;
          &lt;li&gt;
            Idli
             (
            48
            Cal)
          &lt;/li&gt;
          &lt;li&gt;
            Dosa
             (
            302
            Cal)
          &lt;/li&gt;
          &lt;li&gt;
            Weat Chapati
             (
            146
            Cal)
          &lt;/li&gt;
          &lt;li&gt;
            Boiled Egg
             (
            86
            Cal)
          &lt;/li&gt;
          &lt;li&gt;
            Aloo Ka Parantha
             (
            182
            Cal)
          &lt;/li&gt;
          &lt;li&gt;
            Rice
             (
            117
            Cal)
          &lt;/li&gt;
          &lt;li&gt;
            Tea
             (
            73
            Cal)
          &lt;/li&gt;
          &lt;li&gt;
            Filter Coffee
             (
            53
            Cal)
          &lt;/li&gt;
          &lt;li&gt;
            Dhai
             (
            90
            Cal)
          &lt;/li&gt;
          &lt;li&gt;
            Mixed Vegetable
             (
            82
            Cal)
          &lt;/li&gt;
          &lt;li&gt;
            Chicken Curry
             (
            359
            Cal)
          &lt;/li&gt;
          &lt;li&gt;
            Moong Dal
             (
            352
            Cal)
          &lt;/li&gt;
        &lt;/ul&gt;
      &lt;/div&gt;
    &lt;/div&gt;
  &lt;/div&gt;
&lt;/body&gt;
    at Object.getElementError (C:\Users\VikasKushwaha\Downloads\calorietracker\calorietracker\node_modules\@testing-library\dom\dist\config.js:37:19)
    at C:\Users\VikasKushwaha\Downloads\calorietracker\calorietracker\node_modules\@testing-library\dom\dist\query-helpers.js:90:38
    at C:\Users\VikasKushwaha\Downloads\calorietracker\calorietracker\node_modules\@testing-library\dom\dist\query-helpers.js:62:17
    at getByTestId (C:\Users\VikasKushwaha\Downloads\calorietracker\calorietracker\node_modules\@testing-library\dom\dist\query-helpers.js:111:19)
    at Object.&lt;anonymous&gt; (C:\Users\VikasKushwaha\Downloads\calorietracker\calorietracker\src\App.test.js:36:26)
    at Promise.then.completed (C:\Users\VikasKushwaha\Downloads\calorietracker\calorietracker\node_modules\jest-circus\build\utils.js:276:28)
    at new Promise (&lt;anonymous&gt;)
    at callAsyncCircusFn (C:\Users\VikasKushwaha\Downloads\calorietracker\calorietracker\node_modules\jest-circus\build\utils.js:216:10)
    at _callCircusTest (C:\Users\VikasKushwaha\Downloads\calorietracker\calorietracker\node_modules\jest-circus\build\run.js:212:40)
    at processTicksAndRejections (internal/process/task_queues.js:93:5)
    at _runTest (C:\Users\VikasKushwaha\Downloads\calorietracker\calorietracker\node_modules\jest-circus\build\run.js:149:3)
    at _runTestsForDescribeBlock (C:\Users\VikasKushwaha\Downloads\calorietracker\calorietracker\node_modules\jest-circus\build\run.js:63:9)
    at run (C:\Users\VikasKushwaha\Downloads\calorietracker\calorietracker\node_modules\jest-circus\build\run.js:25:3)
    at runAndTransformResultsToJestFormat (C:\Users\VikasKushwaha\Downloads\calorietracker\calorietracker\node_modules\jest-circus\build\legacy-code-todo-rewrite\jestAdapterInit.js:176:21)
    at jestAdapter (C:\Users\VikasKushwaha\Downloads\calorietracker\calorietracker\node_modules\jest-circus\build\legacy-code-todo-rewrite\jestAdapter.js:109:19)
    at runTestInternal (C:\Users\VikasKushwaha\Downloads\calorietracker\calorietracker\node_modules\jest-runner\build\runTest.js:380:16)
    at runTest (C:\Users\VikasKushwaha\Downloads\calorietracker\calorietracker\node_modules\jest-runner\build\runTest.js:472:34)</failure>
    </testcase>
  </testsuite>
</testsuites>